// Jest Snapshot v1, https://goo.gl/fbAQLP

exports[`ColHeader matches snapshot 1`] = `
<div
  class="col-label-height css-bow3c7-Root-ColHeader e11zdtao0"
  data-col="A"
>
  A
  <button
    class="css-4pe6r1-BtnWidth e11zdtao1"
    tabindex="-1"
  />
</div>
`;
