// Jest Snapshot v1, https://goo.gl/fbAQLP

exports[`ColLabel matches snapshot 1`] = `
<div
  class="col-label-height css-1g1zj8a-InnerBorder-ColLabel etucg500"
  data-col="A"
>
  A
  <button
    class="css-1oguur2-BtnWidth etucg501"
    tabindex="-1"
  />
</div>
`;
