// Jest Snapshot v1, https://goo.gl/fbAQLP

exports[`EvaluatedData functional tests matches snapshot 1`] = `
<DocumentFragment>
  <div
    class="css-1c8e41e-DataTag e1dfe2wz0"
    id="t-B-2"
    tabindex="0"
  />
</DocumentFragment>
`;
