// Jest Snapshot v1, https://goo.gl/fbAQLP

exports[`RowHeader matches snapshot 1`] = `
<div
  class="row-label-width row-label-height css-1cj8orw-Wrapper e1d5mcq00"
  data-row="1"
>
  1
</div>
`;
